RAM Allocation [bytes]
Variable                                                                          Address   Size
------------------------------------------------------------------------------------------------
adc_value                                                                         0x032D       4
voltage_val                                                                       0x0331       4
demi_part                                                                         0x0335       4
int_part                                                                          0x0339       4

EEPROM Allocation [bytes]
Variable                                                                          Address   Size
------------------------------------------------------------------------------------------------

Register Allocation
Variable                                                                          Register  Size
------------------------------------------------------------------------------------------------

FLASH Allocation [words]
Function                                                                          Address   Size
------------------------------------------------------------------------------------------------
uart_init                                                                         0x0008C     21
uart_transmit                                                                     0x000A1     10
putint                                                                            0x000AB     50
putstring                                                                         0x000DD     21
init_adc                                                                          0x000F2     19
main                                                                              0x00105    121
